// Jest Snapshot v1, https://goo.gl/fbAQLP

exports[`Testing the CreateProfile matches snapshot 1`] = `
<DocumentFragment>
  <div
    class="container"
    id="CreateProfile"
  >
    <div
      class="form-box-create"
    >
      <div
        class="form-title"
      >
        <h2>
          Profile
        </h2>
      </div>
      <form
        autocomplete="on"
        novalidate=""
      >
        <div
          class="row"
        >
          <div
            class="col-md-6"
          >
            <div
              class="MuiFormControl-root MuiTextField-root MuiFormControl-marginNormal MuiFormControl-fullWidth"
            >
              <label
                class="MuiFormLabel-root MuiInputLabel-root MuiInputLabel-formControl MuiInputLabel-animated MuiInputLabel-outlined"
                data-shrink="false"
                for="select"
                id="select-label"
              >
                Gender
              </label>
              <div
                class="MuiInputBase-root MuiOutlinedInput-root MuiInputBase-fullWidth MuiInputBase-formControl"
              >
                <div
                  aria-haspopup="listbox"
                  aria-labelledby="select-label select"
                  class="MuiSelect-root MuiSelect-select MuiSelect-selectMenu MuiSelect-outlined MuiInputBase-input MuiOutlinedInput-input"
                  id="select"
                  role="button"
                  tabindex="0"
                >
                  <span>
                    ​
                  </span>
                </div>
                <input
                  aria-hidden="true"
                  class="MuiSelect-nativeInput"
                  name="gender"
                  tabindex="-1"
                  value=""
                />
                <svg
                  aria-hidden="true"
                  class="MuiSvgIcon-root MuiSelect-icon MuiSelect-iconOutlined"
                  focusable="false"
                  viewBox="0 0 24 24"
                >
                  <path
                    d="M7 10l5 5 5-5z"
                  />
                </svg>
                <fieldset
                  aria-hidden="true"
                  class="PrivateNotchedOutline-root-5 MuiOutlinedInput-notchedOutline"
                >
                  <legend
                    class="PrivateNotchedOutline-legendLabelled-7"
                  >
                    <span>
                      Gender
                    </span>
                  </legend>
                </fieldset>
              </div>
            </div>
          </div>
          <div
            class="col-md-6"
          >
            <div
              class="MuiFormControl-root MuiTextField-root MuiFormControl-marginNormal MuiFormControl-fullWidth"
            >
              <label
                class="MuiFormLabel-root MuiInputLabel-root MuiInputLabel-formControl MuiInputLabel-animated MuiInputLabel-outlined"
                data-shrink="false"
                for="select"
                id="select-label"
              >
                Level
              </label>
              <div
                class="MuiInputBase-root MuiOutlinedInput-root MuiInputBase-fullWidth MuiInputBase-formControl"
              >
                <div
                  aria-haspopup="listbox"
                  aria-labelledby="select-label select"
                  class="MuiSelect-root MuiSelect-select MuiSelect-selectMenu MuiSelect-outlined MuiInputBase-input MuiOutlinedInput-input"
                  id="select"
                  role="button"
                  tabindex="0"
                >
                  <span>
                    ​
                  </span>
                </div>
                <input
                  aria-hidden="true"
                  class="MuiSelect-nativeInput"
                  name="level"
                  tabindex="-1"
                  value=""
                />
                <svg
                  aria-hidden="true"
                  class="MuiSvgIcon-root MuiSelect-icon MuiSelect-iconOutlined"
                  focusable="false"
                  viewBox="0 0 24 24"
                >
                  <path
                    d="M7 10l5 5 5-5z"
                  />
                </svg>
                <fieldset
                  aria-hidden="true"
                  class="PrivateNotchedOutline-root-5 MuiOutlinedInput-notchedOutline"
                >
                  <legend
                    class="PrivateNotchedOutline-legendLabelled-7"
                  >
                    <span>
                      Level
                    </span>
                  </legend>
                </fieldset>
              </div>
            </div>
          </div>
          <div
            class="col-md-6"
          >
            <div
              class="MuiFormControl-root MuiTextField-root MuiFormControl-marginNormal MuiFormControl-fullWidth"
            >
              <label
                class="MuiFormLabel-root MuiInputLabel-root MuiInputLabel-formControl MuiInputLabel-animated MuiInputLabel-shrink MuiInputLabel-outlined MuiFormLabel-filled"
                data-shrink="true"
                for="select"
                id="select-label"
              >
                Active
              </label>
              <div
                class="MuiInputBase-root MuiOutlinedInput-root MuiInputBase-fullWidth MuiInputBase-formControl"
              >
                <div
                  aria-haspopup="listbox"
                  aria-labelledby="select-label select"
                  class="MuiSelect-root MuiSelect-select MuiSelect-selectMenu MuiSelect-outlined MuiInputBase-input MuiOutlinedInput-input"
                  id="select"
                  role="button"
                  tabindex="0"
                >
                  No
                </div>
                <input
                  aria-describedby="select-helper-text"
                  aria-hidden="true"
                  class="MuiSelect-nativeInput"
                  name="active"
                  tabindex="-1"
                  value="false"
                />
                <svg
                  aria-hidden="true"
                  class="MuiSvgIcon-root MuiSelect-icon MuiSelect-iconOutlined"
                  focusable="false"
                  viewBox="0 0 24 24"
                >
                  <path
                    d="M7 10l5 5 5-5z"
                  />
                </svg>
                <fieldset
                  aria-hidden="true"
                  class="PrivateNotchedOutline-root-5 MuiOutlinedInput-notchedOutline"
                >
                  <legend
                    class="PrivateNotchedOutline-legendLabelled-7 PrivateNotchedOutline-legendNotched-8"
                  >
                    <span>
                      Active
                    </span>
                  </legend>
                </fieldset>
              </div>
              <p
                class="MuiFormHelperText-root MuiFormHelperText-contained MuiFormHelperText-filled"
                id="select-helper-text"
              >
                Want your profile to be visible?
              </p>
            </div>
          </div>
          <div
            class="col-md-6"
          >
            <div
              class="MuiFormControl-root MuiTextField-root MuiFormControl-marginNormal MuiFormControl-fullWidth"
            >
              <label
                class="MuiFormLabel-root MuiInputLabel-root MuiInputLabel-formControl MuiInputLabel-animated MuiInputLabel-outlined"
                data-shrink="false"
                for="outlined-textarea"
                id="outlined-textarea-label"
              >
                Zip Code
              </label>
              <div
                class="MuiInputBase-root MuiOutlinedInput-root MuiInputBase-fullWidth MuiInputBase-formControl"
              >
                <input
                  aria-describedby="outlined-textarea-helper-text"
                  aria-invalid="false"
                  class="MuiInputBase-input MuiOutlinedInput-input"
                  id="outlined-textarea"
                  name="zip"
                  type="number"
                  value=""
                />
                <fieldset
                  aria-hidden="true"
                  class="PrivateNotchedOutline-root-5 MuiOutlinedInput-notchedOutline"
                >
                  <legend
                    class="PrivateNotchedOutline-legendLabelled-7"
                  >
                    <span>
                      Zip Code
                    </span>
                  </legend>
                </fieldset>
              </div>
              <p
                class="MuiFormHelperText-root MuiFormHelperText-contained"
                id="outlined-textarea-helper-text"
              >
                e.g. 78745
              </p>
            </div>
          </div>
          <div
            class="col-md-6"
          >
            <div
              class="MuiFormControl-root MuiTextField-root MuiFormControl-marginNormal MuiFormControl-fullWidth"
            >
              <label
                class="MuiFormLabel-root MuiInputLabel-root MuiInputLabel-formControl MuiInputLabel-animated MuiInputLabel-outlined"
                data-shrink="false"
                for="outlined-textarea"
                id="outlined-textarea-label"
              >
                Tell us a little about yourself
              </label>
              <div
                class="MuiInputBase-root MuiOutlinedInput-root MuiInputBase-fullWidth MuiInputBase-formControl MuiInputBase-multiline MuiOutlinedInput-multiline"
              >
                <textarea
                  aria-invalid="false"
                  class="MuiInputBase-input MuiOutlinedInput-input MuiInputBase-inputMultiline MuiOutlinedInput-inputMultiline"
                  id="outlined-textarea"
                  name="bio"
                  rows="4"
                />
                <fieldset
                  aria-hidden="true"
                  class="PrivateNotchedOutline-root-5 MuiOutlinedInput-notchedOutline"
                >
                  <legend
                    class="PrivateNotchedOutline-legendLabelled-7"
                  >
                    <span>
                      Tell us a little about yourself
                    </span>
                  </legend>
                </fieldset>
              </div>
            </div>
          </div>
          <div
            class="col-md-6"
          >
            <div
              class="MuiFormControl-root MuiTextField-root MuiFormControl-marginNormal MuiFormControl-fullWidth"
            >
              <label
                class="MuiFormLabel-root MuiInputLabel-root MuiInputLabel-formControl MuiInputLabel-animated MuiInputLabel-outlined"
                data-shrink="false"
                for="outlined-textarea"
                id="outlined-textarea-label"
              >
                What is your playing style like?
              </label>
              <div
                class="MuiInputBase-root MuiOutlinedInput-root MuiInputBase-fullWidth MuiInputBase-formControl MuiInputBase-multiline MuiOutlinedInput-multiline"
              >
                <textarea
                  aria-invalid="false"
                  class="MuiInputBase-input MuiOutlinedInput-input MuiInputBase-inputMultiline MuiOutlinedInput-inputMultiline"
                  id="outlined-textarea"
                  name="playing_tyle"
                  rows="4"
                />
                <fieldset
                  aria-hidden="true"
                  class="PrivateNotchedOutline-root-5 MuiOutlinedInput-notchedOutline"
                >
                  <legend
                    class="PrivateNotchedOutline-legendLabelled-7"
                  >
                    <span>
                      What is your playing style like?
                    </span>
                  </legend>
                </fieldset>
              </div>
            </div>
          </div>
          <div
            class="col-12"
          >
            <button
              class="MuiButtonBase-root MuiButton-root MuiButton-outlined social-button float-left MuiButton-outlinedPrimary MuiButton-outlinedSizeSmall MuiButton-sizeSmall"
              tabindex="0"
              type="button"
            >
              <span
                class="MuiButton-label"
              >
                Enter Social Accounts
              </span>
              <span
                class="MuiTouchRipple-root"
              />
            </button>
            <p>
               (Optional)
            </p>
          </div>
          <a
            class="submit-button"
            href="/dashboard"
          >
            <button
              class="MuiButtonBase-root MuiButton-root MuiButton-contained MuiButton-containedSecondary"
              tabindex="0"
              type="button"
            >
              <span
                class="MuiButton-label"
              >
                Go Back
              </span>
              <span
                class="MuiTouchRipple-root"
              />
            </button>
          </a>
          <button
            class="MuiButtonBase-root MuiButton-root MuiButton-contained submit-button MuiButton-containedPrimary"
            tabindex="0"
            type="button"
          >
            <span
              class="MuiButton-label"
            >
              Submit
            </span>
            <span
              class="MuiTouchRipple-root"
            />
          </button>
        </div>
      </form>
    </div>
  </div>
</DocumentFragment>
`;
