// Jest Snapshot v1, https://goo.gl/fbAQLP

exports[`Testing the Not Found Routes matches snapshot 1`] = `
<DocumentFragment>
  <section
    class="container NotFound"
  >
    <h1>
      Sorry, couldn't find what you were looking for
    </h1>
    <h3>
      Error 404
    </h3>
    <img
      alt=""
      src="https://img.pngio.com/bicycle-boy-by-tanka-dribbble-dribbble-bicycle-png-gif-800_600.gif"
    />
  </section>
</DocumentFragment>
`;

exports[`Testing the Private Routes matches snapshot 1`] = `
<DocumentFragment>
  <div
    class="container Loading"
  >
    <div
      style="fill: #3f50b5; height: 100px; width: 100px;"
    >
      <svg
        viewBox="0 0 32 32"
        xmlns="http://www.w3.org/2000/svg"
      >
        
  
        <path
          d="M16 0 A16 16 0 0 0 16 32 A16 16 0 0 0 16 0 M16 4 A12 12 0 0 1 16 28 A12 12 0 0 1 16 4"
          opacity=".25"
        />
        
  
        <path
          d="M16 0 A16 16 0 0 1 32 16 L28 16 A12 12 0 0 0 16 4z"
        >
          
    
          <animatetransform
            attributeName="transform"
            dur="0.8s"
            from="0 16 16"
            repeatCount="indefinite"
            to="360 16 16"
            type="rotate"
          />
          
  
        </path>
        

      </svg>
      

    </div>
  </div>
</DocumentFragment>
`;

exports[`Testing the Routes matches snapshot 1`] = `
<DocumentFragment>
  <div
    class="px-0 container-fluid"
    id="Home"
  >
    <div
      class="container"
    >
      <div
        class="row"
      >
        <div
          class="col-12 text-center"
        >
          <h1>
            Welcome to Pickleball Pal
          </h1>
          <h3
            class="mb-3"
          >
            Find local pickleball players near you
          </h3>
          <div
            class=" mb-4"
          >
            <form
              autocomplete="on"
              id="Search"
              novalidate=""
            >
              <div
                class="searchIcon"
              >
                <svg
                  aria-hidden="true"
                  class="MuiSvgIcon-root"
                  focusable="false"
                  viewBox="0 0 24 24"
                >
                  <path
                    d="M15.5 14h-.79l-.28-.27C15.41 12.59 16 11.11 16 9.5 16 5.91 13.09 3 9.5 3S3 5.91 3 9.5 5.91 16 9.5 16c1.61 0 3.09-.59 4.23-1.57l.27.28v.79l5 4.99L20.49 19l-4.99-5zm-6 0C7.01 14 5 11.99 5 9.5S7.01 5 9.5 5 14 7.01 14 9.5 11.99 14 9.5 14z"
                  />
                </svg>
              </div>
              <div
                class="MuiInputBase-root input-search"
              >
                <input
                  class="MuiInputBase-input"
                  name="search"
                  placeholder="Enter City or Zip Code"
                  type="text"
                  value=""
                />
              </div>
            </form>
            <small
              style="color: white;"
            >
              Press Enter (eg. Austin, TX or 78745)
            </small>
          </div>
          <a
            class="mr-3"
            href="/register"
          >
            <button
              class="MuiButtonBase-root MuiButton-root MuiButton-contained MuiButton-containedPrimary"
              tabindex="0"
              type="button"
            >
              <span
                class="MuiButton-label"
              >
                Register
              </span>
              <span
                class="MuiTouchRipple-root"
              />
            </button>
          </a>
          <a
            href="/profiles"
          >
            <button
              class="MuiButtonBase-root MuiButton-root MuiButton-contained MuiButton-containedPrimary"
              tabindex="0"
              type="button"
            >
              <span
                class="MuiButton-label"
              >
                View Players
              </span>
              <span
                class="MuiTouchRipple-root"
              />
            </button>
          </a>
        </div>
      </div>
    </div>
  </div>
  <div
    class="container"
    id="HomeCards"
  >
    <h1>
      Perks of signing up
    </h1>
    <div
      class="MuiGrid-root grid MuiGrid-container MuiGrid-spacing-xs-3"
    >
      <div
        class="MuiGrid-root MuiGrid-item MuiGrid-grid-sm-12 MuiGrid-grid-md-4"
      >
        <div
          class="MuiPaper-root paper MuiPaper-elevation1 MuiPaper-rounded"
        >
          <img
            alt=""
            src="person.jpg"
          />
          <h4>
            Create a Profile
          </h4>
          <p>
            You can create and edit a profile that other players can find. You can display your bio, playing style level, social media accounts, and where you play.
          </p>
        </div>
      </div>
      <div
        class="MuiGrid-root MuiGrid-item MuiGrid-grid-sm-12 MuiGrid-grid-md-4"
      >
        <div
          class="MuiPaper-root paper MuiPaper-elevation1 MuiPaper-rounded"
        >
          <img
            alt=""
            src="message.jpg"
          />
          <h4>
            Direct Message Players
          </h4>
          <p>
            You can send other players direct messages and directly set up your own match or practice schedule with the player. We take no payment for connecting players. 
          </p>
        </div>
      </div>
      <div
        class="MuiGrid-root MuiGrid-item MuiGrid-grid-sm-12 MuiGrid-grid-md-4"
      >
        <div
          class="MuiPaper-root paper MuiPaper-elevation1 MuiPaper-rounded"
        >
          <img
            alt=""
            src="earth.jpg"
          />
          <h4>
            Post to the Community
          </h4>
          <p>
            You can post to the Pickleball community and filter posts by location. That way your post doesn't get lost in the world. Comment and like other posts as well. 
          </p>
        </div>
      </div>
    </div>
    <a
      href="/register"
    >
      <button
        class="MuiButtonBase-root MuiButton-root MuiButton-contained MuiButton-containedPrimary MuiButton-containedSizeLarge MuiButton-sizeLarge"
        tabindex="0"
        type="button"
      >
        <span
          class="MuiButton-label"
        >
          Create Profile
        </span>
        <span
          class="MuiTouchRipple-root"
        />
      </button>
    </a>
  </div>
  <div
    id="HomeMission"
  >
    <div
      class="container"
    >
      <div
        class="row"
      >
        <div
          class="col-md-6"
        >
          <img
            alt=""
            src="pickleball.jpg"
          />
        </div>
        <div
          class="col-md-6"
        >
          <h1>
            We're on a mission
          </h1>
          <p>
            Our goal is to grow Pickleball by making it easier to connect with players, get practice, and play matches at your local courts
          </p>
        </div>
      </div>
    </div>
  </div>
  <div
    id="HomeFooter"
  >
    <div
      class="container"
    >
      <h1>
        Created by 
        <a
          href="https://deivitsalazar.com"
          target="a_blank"
        >
           David Salazar
        </a>
      </h1>
    </div>
  </div>
</DocumentFragment>
`;
